•	Git
•	Git –version
•	PS D:\Course\JavaScript> git config --global user.name "srinivasan06012007" 

•	PS D:\Course\JavaScript> git config --global user.email srinivasan06012007@gmail.com

•	PS D:\Course\JavaScript> git clone https://github.com/srinivasan06012007/GitHubCourse.git

•	PS D:\Course\JavaScript\GitHubCourse> git status

•	PS D:\Course\JavaScript\GitHubCourse> git add index.html
•	PS D:\Course\JavaScript\GitHubCourse> git add style.css
•	PS D:\Course\JavaScript\GitHubCourse> git add script.js

•	PS D:\Course\JavaScript\GitHubCourse> git commit -m "Add the html css js file"

•	PS D:\Course\JavaScript\GitHubCourse> git push origin main

PS D:\Course\JavaScript\GitHubCourse> git add text1.txt
PS D:\Course\JavaScript\GitHubCourse> git commit -m "Add the gitcommand in textfile"
[main 6b9b41f] Add the gitcommand in textfile
 1 file changed, 18 insertions(+), 1 deletion(-)
PS D:\Course\JavaScript\GitHubCourse> git push origin main

PS D:\Course\JavaScript\GitHubCourse> git pull

PS D:\Course\JavaScript\WebFolder> git init 
Initialized empty Git repository in D:/Course/JavaScript/WebFolder/.git/

PS D:\Course\JavaScript\WebFolder> git remote add origin https://github.com/srinivasan06012007/WebFiles.git
PS D:\Course\JavaScript\WebFolder> 

PS D:\Course\JavaScript\WebFolder> git branch
* master

PS D:\Course\JavaScript\WebFolder> git branch -m main
PS D:\Course\JavaScript\WebFolder> git branch        
* main

PS D:\Course\JavaScript\WebFolder> git branch -a 
* main
  remotes/origin/main

PS D:\Course\JavaScript\WebFolder> git checkout main
M       style.css
branch 'main' set up to track 'origin/main'.
Switched to a new branch 'main'




PS D:\Course\JavaScript\WebFolder> git pull
From https://github.com/srinivasan06012007/WebFiles
 * [new branch]      sriniweb   -> origin/sriniweb
There is no tracking information for the current branch.
Please specify which branch you want to merge with.
See git-pull(1) for details.

    git pull <remote> <branch>

If you wish to set tracking information for this branch you can do so with:

    git branch --set-upstream-to=origin/<branch> main

PS D:\Course\JavaScript\WebFolder> git branch
* main
PS D:\Course\JavaScript\WebFolder> git branch -a 
* main
  remotes/origin/HEAD -> origin/main
  remotes/origin/main
  remotes/origin/sriniweb
PS D:\Course\JavaScript\WebFolder> git branch -m srini
PS D:\Course\JavaScript\WebFolder> git branch
* srini
PS D:\Course\JavaScript\WebFolder> git checkout main
M       style.css
branch 'main' set up to track 'origin/main'.
Switched to a new branch 'main'
PS D:\Course\JavaScript\WebFolder> git status
On branch main
Your branch is up to date with 'origin/main'.

Changes not staged for commit:
  (use "git add <file>..." to update what will be committed)
  (use "git restore <file>..." to discard changes in working directory)
        modified:   style.css

no changes added to commit (use "git add" and/or "git commit -a")
PS D:\Course\JavaScript\WebFolder> git branch
* main
  srini
PS D:\Course\JavaScript\WebFolder> git checkout srini
M       style.css
Switched to branch 'srini'
PS D:\Course\JavaScript\WebFolder> git branch
  main
* srini
PS D:\Course\JavaScript\WebFolder> git add .
PS D:\Course\JavaScript\WebFolder> git commit -m "Add File"
[srini 901a530] Add File
 2 files changed, 4 insertions(+)
 create mode 100644 Text.txt
PS D:\Course\JavaScript\WebFolder> git push origin srini
Enumerating objects: 6, done.
Counting objects: 100% (6/6), done.
Delta compression using up to 8 threads
Compressing objects: 100% (2/2), done.
Writing objects: 100% (4/4), 385 bytes | 385.00 KiB/s, done.
Total 4 (delta 0), reused 0 (delta 0), pack-reused 0 (from 0)
remote: 
remote: Create a pull request for 'srini' on GitHub by visiting:
remote:      https://github.com/srinivasan06012007/WebFiles/pull/new/srini
remote:
To https://github.com/srinivasan06012007/WebFiles.git
 * [new branch]      srini -> srini
PS D:\Course\JavaScript\WebFolder> 


PS D:\Course\JavaScript\WebFolder> git diff srini
diff --git a/Text.txt b/Text.txt
deleted file mode 100644
index 7816edc..0000000
--- a/Text.txt



PS D:\Course\JavaScript\WebFolder> git merge srini
Updating 19944e5..901a530
Fast-forward
 Text.txt  | 1 +
 style.css | 3 +++
 2 files changed, 4 insertions(+)
 create mode 100644 Text.txt

 PS D:\Course\JavaScript\WebFolder> git push origin main

 PS D:\Course\JavaScript\WebFolder> git branch Srinivasan





 PS D:\Course\JavaScript\WebFolder> git branch Srinivasan
PS D:\Course\JavaScript\WebFolder> git branch           
  Srinivasan
  main
* srini
PS D:\Course\JavaScript\WebFolder> git checkout Srinivasan
Switched to branch 'Srinivasan'
PS D:\Course\JavaScript\WebFolder> git add .
PS D:\Course\JavaScript\WebFolder> git commit -m "Srinivasan"
[Srinivasan e7f21df] Srinivasan
 1 file changed, 1 insertion(+)
PS D:\Course\JavaScript\WebFolder> git push origin Srinivasan
Enumerating objects: 5, done.
Counting objects: 100% (5/5), done.
Delta compression using up to 8 threads
Compressing objects: 100% (2/2), done.
Writing objects: 100% (3/3), 277 bytes | 277.00 KiB/s, done.
Total 3 (delta 1), reused 0 (delta 0), pack-reused 0 (from 0)
remote: Resolving deltas: 100% (1/1), completed with 1 local object.
remote:
remote: Create a pull request for 'Srinivasan' on GitHub by visiting:
remote:      https://github.com/srinivasan06012007/WebFiles/pull/new/Srinivasan
remote:
To https://github.com/srinivasan06012007/WebFiles.git
 * [new branch]      Srinivasan -> Srinivasan
PS D:\Course\JavaScript\WebFolder> 
PS D:\Course\JavaScript\WebFolder> 


